// Jest Snapshot v1, https://goo.gl/fbAQLP

exports[`the Description Component matches the snapshot 1`] = `
<styled.div>
  <form
    onSubmit={[Function]}
  >
    <label>
      Choose a deal:
      <input
        onChange={[Function]}
        type="text"
      />
    </label>
    <input
      className="submitButton"
      type="submit"
      value="Submit"
    />
  </form>
  <div
    className="descrip"
  >
    <styled.h3>
      What You'll Get
    </styled.h3>
    <hr />
    <div>
      <p />
      <p />
      <p />
      <p />
    </div>
  </div>
  <br />
  <div
    className="addl-info"
  >
    <h3>
      Additional Information
    </h3>
    <div>
      Subject to favorable weather conditions. If canceled due to poor weather, you will be given the option of an alternative date or full refund
    </div>
  </div>
  <br />
  <div
    className="inclusions"
  >
    <h4>
      Inclusions
    </h4>
    <ul>
      <li />
    </ul>
  </div>
  <br />
  <br />
  <div
    className="fine_print"
  >
    <styled.h3>
      The Fine Print
    </styled.h3>
    <hr />
    <div />
  </div>
  <br />
  <div
    className="about"
  >
    <styled.h3>
      About 
      River Otter Tours
    </styled.h3>
    <hr />
    <h5>
      <p />
      <p />
      <p />
      <a
        href="https://www.google.com/search?q=River Otter Tours "
      >
        Company Website
      </a>
    </h5>
  </div>
  <styled.img
    alt="Store Icon"
    src="./images/store_icon.png"
  />
  <styled.div>
    <styled.h3>
      River Otter Tours
    </styled.h3>
  </styled.div>
  <br />
  <styled.img
    alt="Map Image"
    src="./images/mapPlaceholder.png"
  />
  <br />
  <styled.div>
    <styled.img
      alt="Map Pin"
      src="/images/pin1.png"
    />
    <styled.div>
      River Otter Tours
      <br />
      <styled.div>
        , 
         
        Portland
        , 
        ME
         
      </styled.div>
    </styled.div>
  </styled.div>
</styled.div>
`;
